// Jest Snapshot v1, https://goo.gl/fbAQLP

exports[`<EditCategory/> should render edit categories 1`] = `
<div
  className="my_container backgimg"
>
  <nav
    className="navbar navbar-inverse"
  >
    <div
      className="container-fluid"
    >
      <div
        className="navbar-header"
      >
        <a
          className="navbar-brand title"
          href="#"
        >
          Yummy Recipe App
        </a>
      </div>
      <ul
        className="nav navbar-nav title"
      >
        <li>
          <a>
            Home
          </a>
        </li>
        <li>
          <a>
            Recipes
          </a>
        </li>
        <li>
          <a>
            Categories
          </a>
        </li>
      </ul>
      <ul
        className="nav navbar-nav navbar-right title"
      >
        <li>
          <a>
            <span
              className="glyphicon glyphicon-user"
            />
             Hallo
          </a>
        </li>
        <li>
          <a>
            Logout
          </a>
        </li>
      </ul>
    </div>
  </nav>
  <div
    className="mycontent"
  >
    <form
      onSubmit={[Function]}
    >
      <div
        className="form-group"
      >
        <label>
          Category Name:
        </label>
        <input
          className="form-control"
          name="categoryname"
          onChange={[Function]}
          required={true}
          type="text"
          value=""
        />
      </div>
      <div
        className="form-group"
      >
        <label>
          Description:
        </label>
        <input
          className="form-control"
          name="category_description"
          onChange={[Function]}
          required={true}
          type="text"
          value=""
        />
      </div>
      <button
        className="btn btn-danger formsave"
        type="submit"
      >
        Save
      </button>
    </form>
  </div>
</div>
`;
