// Jest Snapshot v1, https://goo.gl/fbAQLP

exports[`<Pagination/> should render pagination 1`] = `
<div
  className="paginate"
>
  Pages: 
</div>
`;
